<html>
<body>
<pre>
<h1>µVision Build Log</h1>
<h2>Tool Versions:</h2>
IDE-Version: ¦ÌVision V5.14.0.0
Copyright (C) 2015 ARM Ltd and ARM Germany GmbH. All rights reserved.
License Information: 1 2764326771@qq.com, 1, LIC=----
 
Tool Versions:
Toolchain:       MDK-Lite  Version: 5.14.0.0
Toolchain Path:  C:\Keil_v5\ARM\ARMCC\Bin
C Compiler:      Armcc.exe V5.05 update 1 (build 106)
Assembler:       Armasm.exe V5.05 update 1 (build 106)
Linker/Locator:  ArmLink.exe V5.05 update 1 (build 106)
Library Manager: ArmAr.exe V5.05 update 1 (build 106)
Hex Converter:   FromElf.exe V5.05 update 1 (build 106)
CPU DLL:         SARMCM3.DLL V5.14.0.0
Dialog DLL:      DCM.DLL V1.13.1.0
Target DLL:      CMSIS_AGDI.dll V1.21.0.0
Dialog DLL:      TCM.DLL V1.14.4.0
 
<h2>Project:</h2>
C:\Users\27643\Desktop\blue\Project\RVMDK£¨uv5£©\BH-F103.uvprojx
Project File Date:  06/02/2023

<h2>Output:</h2>
Build target 'rc522'
compiling rfid.c...
..\..\User\beep\beep.h(6): warning:  #1-D: last line of file ends without a newline
  #endif
..\..\User\rfid\rfid.c(173): warning:  #1-D: last line of file ends without a newline
  }
..\..\User\rfid\rfid.c: 2 warnings, 0 errors
linking...
Program Size: Code=7896 RO-data=428 RW-data=120 ZI-data=4112  
FromELF: creating hex file...
"..\..\Output\gp2y.axf" - 0 Error(s), 2 Warning(s).

<h2>Collection of Component include folders:</h2>
  C:\Users\27643\Desktop\blue\Project\RVMDK£¨uv5£©\RTE
  C:\Keil_v5\ARM\PACK\Keil\STM32F1xx_DFP\2.2.0

<h2>Collection of Component Files used:</h2>
</pre>
</body>
</html>
